// Jest Snapshot v1, https://goo.gl/fbAQLP

exports[`Renders correctly 1`] = `
<View>
  <View
    enabled={true}
    keyboardVerticalOffset={0}
    onLayout={[Function]}
    style={
      Array [
        undefined,
        Object {
          "paddingBottom": 0,
        },
      ]
    }
    styles={
      Object {
        "flex": 1,
      }
    }
  >
    <TextInput
      allowFontScaling={true}
      onChangeText={[Function]}
      placeholder="Firstname"
      returnKeyType="go"
      style={
        Object {
          "backgroundColor": "#fff",
          "borderTopColor": "#ededed",
          "borderTopWidth": 2,
          "color": "black",
          "height": 40,
          "margin": 20,
          "marginBottom": 0,
          "padding": 5,
        }
      }
      value=""
    />
  </View>
  <View
    enabled={true}
    keyboardVerticalOffset={0}
    onLayout={[Function]}
    style={
      Array [
        undefined,
        Object {
          "paddingBottom": 0,
        },
      ]
    }
    styles={
      Object {
        "flex": 1,
      }
    }
  >
    <TextInput
      allowFontScaling={true}
      onChangeText={[Function]}
      placeholder="Lastname"
      returnKeyType="go"
      style={
        Object {
          "backgroundColor": "#fff",
          "borderTopColor": "#ededed",
          "borderTopWidth": 2,
          "color": "black",
          "height": 40,
          "margin": 20,
          "marginBottom": 0,
          "padding": 5,
        }
      }
      value=""
    />
  </View>
  <View
    enabled={true}
    keyboardVerticalOffset={0}
    onLayout={[Function]}
    style={
      Array [
        undefined,
        Object {
          "paddingBottom": 0,
        },
      ]
    }
    styles={
      Object {
        "flex": 1,
      }
    }
  >
    <TextInput
      allowFontScaling={true}
      onChangeText={[Function]}
      placeholder="Email"
      returnKeyType="go"
      style={
        Object {
          "backgroundColor": "#fff",
          "borderTopColor": "#ededed",
          "borderTopWidth": 2,
          "color": "black",
          "height": 40,
          "margin": 20,
          "marginBottom": 0,
          "padding": 5,
        }
      }
      value=""
    />
  </View>
  <View
    enabled={true}
    keyboardVerticalOffset={0}
    onLayout={[Function]}
    style={
      Array [
        undefined,
        Object {
          "paddingBottom": 0,
        },
      ]
    }
    styles={
      Object {
        "flex": 1,
      }
    }
  >
    <TextInput
      allowFontScaling={true}
      onChangeText={[Function]}
      placeholder="Phone number"
      returnKeyType="go"
      style={
        Object {
          "backgroundColor": "#fff",
          "borderTopColor": "#ededed",
          "borderTopWidth": 2,
          "color": "black",
          "height": 40,
          "margin": 20,
          "marginBottom": 0,
          "padding": 5,
        }
      }
      value=""
    />
  </View>
  <View
    accessibilityComponentType="button"
    accessibilityTraits={
      Array [
        "button",
      ]
    }
    accessible={true}
    isTVSelectable={true}
    onResponderGrant={[Function]}
    onResponderMove={[Function]}
    onResponderRelease={[Function]}
    onResponderTerminate={[Function]}
    onResponderTerminationRequest={[Function]}
    onStartShouldSetResponder={[Function]}
    style={
      Object {
        "opacity": 1,
      }
    }
  >
    <View
      style={
        Array [
          Object {},
        ]
      }
    >
      <Text
        accessible={true}
        allowFontScaling={true}
        ellipsizeMode="tail"
        style={
          Array [
            Object {
              "color": "#007AFF",
              "fontSize": 18,
              "padding": 8,
              "textAlign": "center",
            },
          ]
        }
      >
        Add Contact
      </Text>
    </View>
  </View>
</View>
`;
